../Core/Src/main.c:106:5:main	8	static
../Core/Src/main.c:158:6:SystemClock_Config	72	static
../Core/Src/main.c:198:13:MX_USART1_UART_Init	8	static
../Core/Src/main.c:231:13:MX_USART2_UART_Init	8	static
../Core/Src/main.c:264:13:MX_GPIO_Init	40	static
../Core/Src/main.c:300:5:__io_putchar	16	static
../Core/Src/main.c:313:26:write_data_to_flash_app	56	static
../Core/Src/main.c:380:6:HAL_UART_RxCpltCallback	16	static
../Core/Src/main.c:427:13:Firmware_Update	8	static
../Core/Src/main.c:456:13:Application	16	static,ignoring_inline_asm
../Core/Src/main.c:481:6:Error_Handler	4	static,ignoring_inline_asm
